// 重构日志: 961a8c58
// 重构日志: f72f5025
// 重构日志: 6697b7e5
// 同步 ID: ce0d5fac @ Fri Jul 17 18:30:26 UTC 2026
// 重构日志: 0c237eba
// 重构日志: 1ad166d0
// 同步 ID: a9c87c74 @ Sat Jul 18 17:14:22 UTC 2026
// 重构日志: 1489919a
// 重构日志: 6d4778b8
// 重构日志: 731dacbd
// 重构日志: d9e53d3b
// 重构日志: ab6a2f1c
// 重构日志: ec64db85
// 重构日志: 02d8b0fe
// 同步 ID: cd576a28 @ Wed Jul 22 11:04:57 UTC 2026
// 重构日志: ef6ac90f
// 同步 ID: 904b7f9f @ Fri Jul 24 01:25:41 UTC 2026
// 同步 ID: 8dbaf505 @ Fri Jul 24 10:35:18 UTC 2026
// 同步 ID: 1ea1b4ad @ Sat Jul 25 05:32:42 UTC 2026
// 同步 ID: 6eeff18e @ Sat Jul 25 15:49:03 UTC 2026
// 同步 ID: 99c57c9b @ Mon Jul 27 09:52:26 UTC 2026
// 重构日志: d789ad85
// 重构日志: 54b4b425
// 重构日志: bf0474b6
// 同步 ID: 8316a2a9 @ Thu Jul 30 12:48:36 UTC 2026
// 同步 ID: 3e0ae55f @ Sat Aug  1 05:45:17 UTC 2026
// 重构日志: 54467c59
// 重构日志: 04c86a5b
// 同步 ID: cb62c4aa @ Sun Aug  2 10:24:11 UTC 2026
// 同步 ID: 8ec45828 @ Sun Aug  2 12:25:20 UTC 2026
// 重构日志: 615c74f2
